// Jest Snapshot v1, https://goo.gl/fbAQLP

exports[`List definition should match the snapshot 1`] = `
Object {
  "aliases": Array [
    "ls",
  ],
  "children": Array [
    Object {
      "aliases": Array [
        "j",
      ],
      "description": "List all data sets that match a DSLEVEL pattern (see help below). ",
      "examples": Array [
        Object {
          "description": "List all jobs with names beginning beginning with \\"ibmu\\"",
          "options": "--prefix \\"ibmu*\\"",
        },
        Object {
          "description": "List Alice's jobs with names beginning beginning with \\"ibmu\\"",
          "options": "--prefix \\"ibmu*\\" --owner \\"alice\\"",
        },
      ],
      "handler": "Jobs.Handler",
      "name": "jobs",
      "options": Array [
        Object {
          "aliases": Array [],
          "description": "Specify the job name prefix of the jobs you own and want to list. You can specify a wildcard, which is usually in the form \\"JOB*\\". 
 ",
          "name": "prefix",
          "required": true,
          "type": "string",
        },
        Object {
          "aliases": Array [
            "o",
          ],
          "description": "Specify the owner user ID of the jobs you want to list. The owner is the individual/user who submitted the job OR the user ID assigned to the job. 
 ",
          "name": "owner",
          "required": false,
          "type": "string",
        },
      ],
      "outputFormatOptions": true,
      "profile": Object {
        "optional": Array [
          "zftp",
        ],
      },
      "summary": "List jobs by prefix",
      "type": "command",
    },
    Object {
      "aliases": Array [
        "ds",
      ],
      "description": "List all data sets that match a DSLEVEL pattern (see help below). 
The following values can be used with the --response-format-filter (--rff) argument to display more data from the data sets:volume, unit, referred, ext, used, recfm, lrecl, blksz, dsorg, and dsname.",
      "examples": Array [
        Object {
          "description": "List all data sets beginning with \\"ibmuser\\" and ending in \\"cntl\\"",
          "options": "\\"ibmuser.**.cntl\\"",
        },
      ],
      "handler": "DataSet.Handler",
      "name": "data-set",
      "outputFormatOptions": true,
      "positionals": Array [
        Object {
          "description": "The pattern or patterns to match data sets against. Also known as 'DSLEVEL', it is somewhat similar to the concept of a 'glob' (but not identical). The following special sequences can be used in the pattern:
%: Matches any single character
*: Matches any number of characters within a data set name qualifier (e.g. \\"ibmuser.j*.old\\" matches \\"ibmuser.jcl.old\\" but not \\"ibmuser.jcl.very.old\\")
**: Matches any number of characters within any number of data set name qualifiers (e.g. \\"ibmuser.**.old\\" matches both \\"ibmuser.jcl.old\\" and \\"ibmuser.jcl.very.old\\")
However, the pattern cannot begin with any of these sequences.
",
          "name": "pattern",
          "required": true,
          "type": "string",
        },
      ],
      "profile": Object {
        "optional": Array [
          "zftp",
        ],
      },
      "summary": "List data sets matching pattern",
      "type": "command",
    },
    Object {
      "aliases": Array [
        "members",
      ],
      "description": "List all members of the specified PDS or PDSE data set.",
      "examples": Array [
        Object {
          "description": "List all members in data set \\"ibmuser.test.cntl\\"",
          "options": "\\"ibmuser.test.cntl\\"",
        },
      ],
      "handler": "DataSetMembers.Handler",
      "name": "data-set-members",
      "outputFormatOptions": true,
      "positionals": Array [
        Object {
          "description": "The PDS or PDSE data set name.",
          "name": "dsname",
          "required": true,
          "type": "string",
        },
      ],
      "profile": Object {
        "optional": Array [
          "zftp",
        ],
      },
      "summary": "List PDS or PDSE data set members",
      "type": "command",
    },
    Object {
      "aliases": Array [
        "sfbj",
      ],
      "description": "Given a z/OS job JOBID, list the spool files (DDs) for a z/OS job on the JES/spool queues. The command does not pre-validate the JOBID. The command presents errors verbatim from the z/OSMF Jobs REST endpoints.",
      "examples": Array [
        Object {
          "description": "List the spool files of the job with JOBID JOB00123",
          "options": "job00123",
        },
      ],
      "handler": "SpoolFilesByJobid.Handler",
      "name": "spool-files-by-jobid",
      "outputFormatOptions": true,
      "positionals": Array [
        Object {
          "description": "The z/OS JOBID of the job with the spool files you want to list. No pre-validation of the JOBID is performed.",
          "name": "jobid",
          "required": true,
          "type": "string",
        },
      ],
      "profile": Object {
        "optional": Array [
          "zftp",
        ],
      },
      "summary": "List spool files of a z/OS job",
      "type": "command",
    },
    Object {
      "aliases": Array [
        "uss",
      ],
      "description": "List USS files and subdirectories in a directory.
The following values can be used with the --response-format-filter (--rff) argument todisplay more data from the data sets:name, size, owner, group, and permissions",
      "examples": Array [
        Object {
          "description": "List USS files in the directory \\"/u/users/ibmuser/\\"",
          "options": "\\"/u/users/ibmuser\\"",
        },
        Object {
          "description": "List USS files in the directory \\"/u/users/ibmuser/\\" and show only the file name",
          "options": "\\"/u/users/ibmuser/\\" --rff name",
        },
      ],
      "handler": "UssFiles.Handler",
      "name": "uss-files",
      "outputFormatOptions": true,
      "positionals": Array [
        Object {
          "description": "The USS directory to list files in",
          "name": "directory",
          "required": true,
          "type": "string",
        },
      ],
      "profile": Object {
        "optional": Array [
          "zftp",
        ],
      },
      "summary": "List USS files in a directory",
      "type": "command",
    },
  ],
  "description": "List data sets, data set members, uss files, jobs, spool files",
  "name": "list",
  "passOn": Array [
    Object {
      "ignoreNodes": Array [
        Object {
          "type": "group",
        },
      ],
      "merge": true,
      "property": "options",
      "value": Array [
        Object {
          "aliases": Array [
            "H",
          ],
          "description": "The hostname or IP address of the z/OS server to connect to.",
          "name": "host",
          "required": true,
          "type": "string",
        },
        Object {
          "aliases": Array [
            "P",
          ],
          "defaultValue": 21,
          "description": "The port of the z/OS FTP server.",
          "name": "port",
          "required": true,
          "type": "number",
        },
        Object {
          "aliases": Array [
            "u",
          ],
          "description": "Username for authentication on z/OS",
          "name": "user",
          "required": true,
          "type": "string",
        },
        Object {
          "aliases": Array [
            "p",
            "pass",
            "pw",
          ],
          "description": "Password to authenticate to FTP.",
          "name": "password",
          "required": true,
          "type": "string",
        },
        Object {
          "defaultValue": true,
          "description": "Set to true for both control and data connection encryption, 'control' for control connection encryption only, or 'implicit' for implicitly encrypted control connection (this mode is deprecated in modern times, but usually uses port 990). Note: Unfortunately, this plugin's functionality only works with FTP and FTPS, not 'SFTP' which is FTP over SSH.",
          "name": "secure-ftp",
          "type": "boolean",
        },
        Object {
          "aliases": Array [
            "ru",
          ],
          "defaultValue": null,
          "description": "Reject self-signed certificates. Only specify this if you are connecting to a secure FTP instance.",
          "group": "TLS / Secure Connection options",
          "name": "reject-unauthorized",
          "type": "boolean",
        },
        Object {
          "aliases": Array [
            "sn",
          ],
          "defaultValue": null,
          "description": "Server name for the SNI (Server Name Indication) TLS extension. Only specify if you are connecting securely",
          "group": "TLS / Secure Connection options",
          "name": "server-name",
          "type": "string",
        },
        Object {
          "aliases": Array [
            "ct",
          ],
          "defaultValue": 10000,
          "description": "How long (in milliseconds) to wait for the control connection to be established.",
          "name": "connection-timeout",
          "type": "number",
        },
      ],
    },
  ],
  "summary": "List data sets, data set members, uss files, jobs, spool files",
  "type": "group",
}
`;
